(---------------------------------------------------------------------)
(                                                                     )
(    Allegro Netrev Import Logic                                      )
(                                                                     )
(    Drawing          : board.brd                                     )
(    Software Version : unreleased                                    )
(    Date/Time        : Thu Apr 13 10:01:36 2023                      )
(                                                                     )
(---------------------------------------------------------------------)


------ Directives ------------

Ripup etch:                  No
Ripup delete first segment:  No
Ripup retain bondwire:       No
Ripup symbols:               Always
Missing symbol has error:    No
DRC update:                  Yes
Schematic directory:         'd:\.workshop\diploma\optirex\board\allegro'
Design Directory:            'D:/.workshop/Diploma/OptiREX/board/allegro'
Old design name:             'D:/.workshop/Diploma/OptiREX/board/allegro/board.brd'
New design name:             'D:/.workshop/Diploma/OptiREX/board/allegro/board.brd'

CmdLine: netrev.exe -y 1 -n -i d:\.workshop\diploma\optirex\board\allegro D:/.workshop/Diploma/OptiREX/board/allegro/board.brd D:/.workshop/Diploma/OptiREX/board/allegro/board.brd

------ Preparing to read pst files ------

Starting to read d:/.workshop/diploma/optirex/board/allegro/pstchip.dat 
   Finished reading d:/.workshop/diploma/optirex/board/allegro/pstchip.dat (00:00:00.13)
Starting to read d:/.workshop/diploma/optirex/board/allegro/pstxprt.dat 
   Finished reading d:/.workshop/diploma/optirex/board/allegro/pstxprt.dat (00:00:00.00)
Starting to read d:/.workshop/diploma/optirex/board/allegro/pstxnet.dat 
   Finished reading d:/.workshop/diploma/optirex/board/allegro/pstxnet.dat (00:00:00.00)

------ Oversights/Warnings/Errors ------


#1   WARNING(SPMHNI-192): Device/Symbol check warning detected. [help]

WARNING(SPMHNI-194): Symbol 'CONN3_770966-3' used by RefDes J2 for device 'CON3_CONN3_770966-3_CON3' not found. 
The symbol either does not exist in the library path (PSMPATH) or is an old symbol from a previous release.  

Set the correct library path if not set or use dbdoctor to migrate old symbo

#2   WARNING(SPMHNI-192): Device/Symbol check warning detected. [help]

WARNING(SPMHNI-194): Symbol 'CONN4_770966-4' used by RefDes J5 for device 'CON4_CONN4_770966-4_CON4' not found. 
The symbol either does not exist in the library path (PSMPATH) or is an old symbol from a previous release.  

Set the correct library path if not set or use dbdoctor to migrate old symbo

#3   WARNING(SPMHNI-192): Device/Symbol check warning detected. [help]

WARNING(SPMHNI-194): Symbol 'QFN50P700X700X60-49N' used by RefDes U1 for device 'STM32F411CEU6_QFN50P700X700X60-' not found. 
The symbol either does not exist in the library path (PSMPATH) or is an old symbol from a previous release.  

Set the correct library path if not set or use dbdoctor to migr

#4   WARNING(SPMHNI-192): Device/Symbol check warning detected. [help]

WARNING(SPMHNI-194): Symbol 'QFP50P1600X1600X160-100N' used by RefDes U2 for device 'STM32H750VBT6_QFP50P1600X1600X1' not found. 
The symbol either does not exist in the library path (PSMPATH) or is an old symbol from a previous release.  

Set the correct library path if not set or use dbdoctor to 

------ Library Paths ------
MODULEPATH =  . 
           C:/Cadence/SPB_17.4/share/local/pcb/modules 

PSMPATH =  . 
           symbols 
           .. 
           ../symbols 
           C:/Cadence/SPB_17.4/share/local/pcb/symbols 
           C:/Cadence/SPB_17.4/share/pcb/pcb_lib/symbols 
           C:/Cadence/SPB_17.4/share/pcb/allegrolib/symbols 

PADPATH =  . 
           symbols 
           .. 
           ../symbols 
           C:/Cadence/SPB_17.4/share/local/pcb/padstacks 
           C:/Cadence/SPB_17.4/share/pcb/pcb_lib/symbols 
           C:/Cadence/SPB_17.4/share/pcb/allegrolib/symbols 


------ Summary Statistics ------


netrev run on Apr 13 10:01:36 2023
   DESIGN NAME : 'BOARD'
   PACKAGING ON Oct  7 2019 04:16:49

   COMPILE 'logic'
   CHECK_PIN_NAMES OFF
   CROSS_REFERENCE OFF
   FEEDBACK OFF
   INCREMENTAL OFF
   INTERFACE_TYPE PHYSICAL
   MAX_ERRORS 500
   MERGE_MINIMUM 5
   NET_NAME_CHARS '#%&()*+-./:=>?@[]^_`|'
   NET_NAME_LENGTH 24
   OVERSIGHTS ON
   REPLACE_CHECK OFF
   SINGLE_NODE_NETS ON
   SPLIT_MINIMUM 0
   SUPPRESS   20
   WARNINGS ON

 No error detected
 No oversight detected
  4 warnings detected

cpu time      0:06:56
elapsed time  0:00:02

